// Jest Snapshot v1, https://goo.gl/fbAQLP

exports[`testing LoadingBar Component testing LoadingBar component snapshot 1`] = `
<div
  className="container"
>
  <div
    className="top"
  />
  <div
    className="loading"
  >
    <i
      className="fa fa-spinner"
    />
  </div>
</div>
`;
