// Jest Snapshot v1, https://goo.gl/fbAQLP

exports[`testing SearchError Component renders a SearchError component snapshot 1`] = `
<div
  id="searchError"
>
  <p>
    oops! Heroku database wants my money to display! I shall never fall. I relish in trench warfare.
  </p>
</div>
`;
